> x <-c(10,11,13,11,10,6,22,15,14,23)

> x_sample = sample(x, 4)
    [1] 10 11 22  6

> est_sample_mean = mean(x_sample)
    [1] 12.25

> s2 = var(x)
> std_error = sqrt(((length(x) - length(x_sample))/length(x))
                    *(s2/length(x_sample)))
    
    [1] 2.075653

> CI_interval = 
c(est_sample_mean + 2*std_error, est_sample_mean - 2*std_error) 

    [1] 16.401305  8.098695
